// Jest Snapshot v1, https://goo.gl/fbAQLP

exports[`WalletView should match snapshot 1`] = `
<div>
  <section
    class="mx-3 sm:mx-12"
  >
    <div />
    <p>
      Loading!
    </p>
  </section>
</div>
`;
