// Jest Snapshot v1, https://goo.gl/fbAQLP

exports[`LogoTitle should match snapshot 1`] = `
<div>
  <div
    class="flex items-center my-auto cursor-pointer"
  >
    <div
      class="sc-bdfBwQ brMhTG"
      width="57"
    >
      <svg
        width="44"
      >
        logo.svg
      </svg>
    </div>
    <span
      class="text-2xl font-bold lg:hidden xl:block"
      data-testid="logo__text"
    >
      ARK Wallet
    </span>
  </div>
</div>
`;
