// Jest Snapshot v1, https://goo.gl/fbAQLP

exports[`Divider should render 1`] = `
<DocumentFragment>
  <div
    class="Divider-sc-10xryrv-0 ijsPwK border-theme-secondary-300 dark:border-theme-secondary-800"
    type="horizontal"
  />
</DocumentFragment>
`;

exports[`Divider should render a dashed 1`] = `
<div>
  <div
    class="Divider-sc-10xryrv-0 hKditH border-theme-secondary-300 dark:border-theme-secondary-800"
    type="horizontal"
  />
</div>
`;

exports[`Divider should render horizontal type 1`] = `
<div>
  <div
    class="Divider-sc-10xryrv-0 ijsPwK border-theme-secondary-300 dark:border-theme-secondary-800"
    type="horizontal"
  />
</div>
`;

exports[`Divider should render vertical type 1`] = `
<div>
  <div
    class="Divider-sc-10xryrv-0 dCquGe border-theme-secondary-300 dark:border-theme-secondary-800"
    type="vertical"
  />
</div>
`;

exports[`Divider should render vertical type and large 1`] = `
<div>
  <div
    class="Divider-sc-10xryrv-0 dCquGe border-theme-secondary-300 dark:border-theme-secondary-800"
    type="vertical"
  />
</div>
`;

exports[`Divider should render vertical type and small 1`] = `
<div>
  <div
    class="Divider-sc-10xryrv-0 dCquGe border-theme-secondary-300 dark:border-theme-secondary-800"
    type="vertical"
  />
</div>
`;
