// Jest Snapshot v1, https://goo.gl/fbAQLP

exports[`Footer should match snapshot 1`] = `
<div>
  <footer
    class="bg-gray-100 flex items-center justify-center"
  >
    <span>
      2020 Â© ARK.io | All rights reserved
    </span>
  </footer>
</div>
`;
