// Jest Snapshot v1, https://goo.gl/fbAQLP

exports[`Wallet should match snapshot 1`] = `
<div>
  <div>
    []
  </div>
</div>
`;
