// Jest Snapshot v1, https://goo.gl/fbAQLP

exports[`WalletView should match snapshot 1`] = `
<div>
  <div />
</div>
`;
