// Jest Snapshot v1, https://goo.gl/fbAQLP

exports[`App should match snapshot 1`] = `
<div>
  <header
    class="bg-green-700 p-6 min-h-20vh flex items-center justify-between flex-wrap"
  >
    <nav
      class="block"
    >
      <a
        aria-current="page"
        class="active"
        href="#/"
      >
        <span
          class="inline-block text-gray-800 hover:text-gray-600 mr-4"
          data-testid="link__wallet"
        >
          Wallet
        </span>
      </a>
      <a
        href="#/fee"
      >
        <span
          class="inline-block text-gray-800 hover:text-gray-600 mr-4"
          data-testid="link__fee"
        >
          Fee
        </span>
      </a>
    </nav>
  </header>
  <main
    class="debug-screens bg-white min-h-70vh"
    role="main"
  >
    <div>
      []
    </div>
  </main>
  <footer
    class="bg-gray-100 min-h-10vh flex items-center justify-center"
  >
    <span>
      2020 Â© ARK.io | All rights reserved
    </span>
  </footer>
</div>
`;
