// Jest Snapshot v1, https://goo.gl/fbAQLP

exports[`Table should match snapshot 1`] = `
<div>
  <table>
    <thead>
      <tr>
        <th />
      </tr>
    </thead>
    <tbody>
      <tr>
        <td />
      </tr>
    </tbody>
  </table>
</div>
`;
