// Jest Snapshot v1, https://goo.gl/fbAQLP

exports[`Card should render 1`] = `
<div>
  <div
    class="Cardstyles__Wrapper-xnuhyv-0 iAsJMU"
    data-testid="Card"
  >
    card
  </div>
</div>
`;
