// Jest Snapshot v1, https://goo.gl/fbAQLP

exports[`Routing should match snapshot 1`] = `
<div>
  <div>
    Wallet
    <br />
    <a
      href="/fee"
    >
      to Fee
    </a>
  </div>
</div>
`;
